// Jest Snapshot v1, https://goo.gl/fbAQLP

exports[`Loader Component should match snapshot 1`] = `
<div
  class="loader"
>
  <span
    class="loaderItem"
  />
  <span
    class="loaderItem"
  />
  <span
    class="loaderItem"
  />
  <p>
    Loading
  </p>
</div>
`;
